// Vitest Snapshot v1, https://vitest.dev/guide/snapshot.html

exports[`Creates axis props 1`] = `
{
  "format": [Function],
  "position": [Function],
  "range": [
    0,
    500,
  ],
  "values": [
    0,
    10,
    20,
    30,
    40,
    50,
    60,
    70,
    80,
    90,
    100,
  ],
}
`;
