// Vitest Snapshot v1, https://vitest.dev/guide/snapshot.html

exports[`Works with bandwidth scales 1`] = `
{
  "format": [Function],
  "position": [Function],
  "range": [
    0,
    500,
  ],
  "values": [
    "foo",
    "bar",
    "baz",
  ],
}
`;
